// Jest Snapshot v1, https://goo.gl/fbAQLP

exports[`notImplementedMethods should return hapi route object 1`] = `
Object {
  "handler": [Function],
  "method": "*",
  "path": "/",
}
`;
